version https://git-lfs.github.com/spec/v1
oid sha256:8f11d19b670ce319f1d15f4d272b8fe77501d7a3066e944ce0e91439212a0daa
size 8884
