version https://git-lfs.github.com/spec/v1
oid sha256:fe086521ff241e7d4e1a43c615ffde9915c4a9976086f6facf100f039175aafa
size 646
