version https://git-lfs.github.com/spec/v1
oid sha256:e960f01b8d546ee29c5724d249e0862422751b166997f17bd5cd3724de9c5fab
size 64
