version https://git-lfs.github.com/spec/v1
oid sha256:1a95b6894aa59406e623f005187776fb993888903fe876bee5eab0cd43aab7e5
size 91
